[[1;34mINFO[m] Scanning for projects...
[[1;34mINFO[m] 
[[1;34mINFO[m] [1m-------------< [0;36morg.example:Grocery-Karate-API-Automation[0;1m >--------------[m
[[1;34mINFO[m] [1mBuilding Grocery-Karate-API-Automation 1.0-SNAPSHOT[m
[[1;34mINFO[m]   from pom.xml
[[1;34mINFO[m] [1m--------------------------------[ jar ]---------------------------------[m
[[1;34mINFO[m] 
[[1;34mINFO[m] [1m--- [0;32mresources:3.0.2:resources[m [1m(default-resources)[m @ [36mGrocery-Karate-API-Automation[0;1m ---[m
[[1;34mINFO[m] Using 'UTF-8' encoding to copy filtered resources.
[[1;34mINFO[m] skip non existing resourceDirectory /workspace/karate-demo/src/main/resources
[[1;34mINFO[m] 
[[1;34mINFO[m] [1m--- [0;32mcompiler:3.8.1:compile[m [1m(default-compile)[m @ [36mGrocery-Karate-API-Automation[0;1m ---[m
[[1;34mINFO[m] No sources to compile
[[1;34mINFO[m] 
[[1;34mINFO[m] [1m--- [0;32mresources:3.0.2:testResources[m [1m(default-testResources)[m @ [36mGrocery-Karate-API-Automation[0;1m ---[m
[[1;34mINFO[m] Using 'UTF-8' encoding to copy filtered resources.
[[1;34mINFO[m] Copying 3 resources
[[1;34mINFO[m] 
[[1;34mINFO[m] [1m--- [0;32mcompiler:3.8.1:testCompile[m [1m(default-testCompile)[m @ [36mGrocery-Karate-API-Automation[0;1m ---[m
[[1;34mINFO[m] Changes detected - recompiling the module!
[[1;34mINFO[m] Compiling 1 source file to /workspace/karate-demo/target/test-classes
[[1;34mINFO[m] 
[[1;34mINFO[m] [1m--- [0;32msurefire:2.22.2:test[m [1m(default-test)[m @ [36mGrocery-Karate-API-Automation[0;1m ---[m
[90mDownloading from [0mcentral[90m: https://repo.maven.apache.org/maven2/[0morg/apache/maven/surefire/surefire-junit-platform/2.22.2/surefire-junit-platform-2.22.2.pom
Progress (1): 1.4/7.0 kBProgress (1): 2.8/7.0 kBProgress (1): 4.1/7.0 kBProgress (1): 5.5/7.0 kBProgress (1): 6.9/7.0 kBProgress (1): 7.0 kB                        Downloaded[90m from [0mcentral[90m: https://repo.maven.apache.org/maven2/[0morg/apache/maven/surefire/surefire-junit-platform/2.22.2/surefire-junit-platform-2.22.2.pom[90m (7.0 kB at 12 kB/s)[0m
[90mDownloading from [0mcentral[90m: https://repo.maven.apache.org/maven2/[0morg/apache/maven/surefire/surefire-providers/2.22.2/surefire-providers-2.22.2.pom
Progress (1): 1.4/2.5 kBProgress (1): 2.5 kB                        Downloaded[90m from [0mcentral[90m: https://repo.maven.apache.org/maven2/[0morg/apache/maven/surefire/surefire-providers/2.22.2/surefire-providers-2.22.2.pom[90m (2.5 kB at 28 kB/s)[0m
[90mDownloading from [0mcentral[90m: https://repo.maven.apache.org/maven2/[0morg/junit/platform/junit-platform-launcher/1.3.1/junit-platform-launcher-1.3.1.pom
Progress (1): 1.4/2.2 kBProgress (1): 2.2 kB                        Downloaded[90m from [0mcentral[90m: https://repo.maven.apache.org/maven2/[0morg/junit/platform/junit-platform-launcher/1.3.1/junit-platform-launcher-1.3.1.pom[90m (2.2 kB at 25 kB/s)[0m
[90mDownloading from [0mcentral[90m: https://repo.maven.apache.org/maven2/[0morg/apiguardian/apiguardian-api/1.0.0/apiguardian-api-1.0.0.pom
Progress (1): 1.2 kB                    Downloaded[90m from [0mcentral[90m: https://repo.maven.apache.org/maven2/[0morg/apiguardian/apiguardian-api/1.0.0/apiguardian-api-1.0.0.pom[90m (1.2 kB at 13 kB/s)[0m
[90mDownloading from [0mcentral[90m: https://repo.maven.apache.org/maven2/[0morg/junit/platform/junit-platform-engine/1.3.1/junit-platform-engine-1.3.1.pom
Progress (1): 1.4/2.4 kBProgress (1): 2.4 kB                        Downloaded[90m from [0mcentral[90m: https://repo.maven.apache.org/maven2/[0morg/junit/platform/junit-platform-engine/1.3.1/junit-platform-engine-1.3.1.pom[90m (2.4 kB at 26 kB/s)[0m
[90mDownloading from [0mcentral[90m: https://repo.maven.apache.org/maven2/[0morg/junit/platform/junit-platform-commons/1.3.1/junit-platform-commons-1.3.1.pom
Progress (1): 1.4/2.0 kBProgress (1): 2.0 kB                        Downloaded[90m from [0mcentral[90m: https://repo.maven.apache.org/maven2/[0morg/junit/platform/junit-platform-commons/1.3.1/junit-platform-commons-1.3.1.pom[90m (2.0 kB at 22 kB/s)[0m
[90mDownloading from [0mcentral[90m: https://repo.maven.apache.org/maven2/[0morg/opentest4j/opentest4j/1.1.1/opentest4j-1.1.1.pom
Progress (1): 1.4/1.7 kBProgress (1): 1.7 kB                        Downloaded[90m from [0mcentral[90m: https://repo.maven.apache.org/maven2/[0morg/opentest4j/opentest4j/1.1.1/opentest4j-1.1.1.pom[90m (1.7 kB at 18 kB/s)[0m
[90mDownloading from [0mcentral[90m: https://repo.maven.apache.org/maven2/[0morg/junit/platform/junit-platform-launcher/1.3.1/junit-platform-launcher-1.3.1.jar
[90mDownloading from [0mcentral[90m: https://repo.maven.apache.org/maven2/[0morg/apache/maven/surefire/surefire-junit-platform/2.22.2/surefire-junit-platform-2.22.2.jar
[90mDownloading from [0mcentral[90m: https://repo.maven.apache.org/maven2/[0morg/apiguardian/apiguardian-api/1.0.0/apiguardian-api-1.0.0.jar
[90mDownloading from [0mcentral[90m: https://repo.maven.apache.org/maven2/[0morg/junit/platform/junit-platform-commons/1.3.1/junit-platform-commons-1.3.1.jar
[90mDownloading from [0mcentral[90m: https://repo.maven.apache.org/maven2/[0morg/junit/platform/junit-platform-engine/1.3.1/junit-platform-engine-1.3.1.jar
Progress (1): 16/66 kBProgress (1): 33/66 kBProgress (1): 49/66 kBProgress (1): 66/66 kBProgress (1): 66 kB                      Downloaded[90m from [0mcentral[90m: https://repo.maven.apache.org/maven2/[0morg/apache/maven/surefire/surefire-junit-platform/2.22.2/surefire-junit-platform-2.22.2.jar[90m (66 kB at 340 kB/s)[0m
[90mDownloading from [0mcentral[90m: https://repo.maven.apache.org/maven2/[0morg/opentest4j/opentest4j/1.1.1/opentest4j-1.1.1.jar
Progress (1): 1.4/2.2 kBProgress (1): 2.2 kB                        Downloaded[90m from [0mcentral[90m: https://repo.maven.apache.org/maven2/[0morg/apiguardian/apiguardian-api/1.0.0/apiguardian-api-1.0.0.jar[90m (2.2 kB at 7.9 kB/s)[0m
Progress (1): 1.4/135 kBProgress (1): 2.8/135 kBProgress (2): 2.8/135 kB | 16/78 kBProgress (2): 4.1/135 kB | 16/78 kBProgress (2): 5.5/135 kB | 16/78 kBProgress (2): 6.9/135 kB | 16/78 kBProgress (2): 8.3/135 kB | 16/78 kBProgress (2): 9.7/135 kB | 16/78 kBProgress (2): 11/135 kB | 16/78 kB Progress (2): 12/135 kB | 16/78 kBProgress (2): 14/135 kB | 16/78 kBProgress (3): 14/135 kB | 16/78 kB | 16/95 kBProgress (3): 15/135 kB | 16/78 kB | 16/95 kBProgress (3): 17/135 kB | 16/78 kB | 16/95 kBProgress (3): 18/135 kB | 16/78 kB | 16/95 kBProgress (3): 19/135 kB | 16/78 kB | 16/95 kBProgress (4): 19/135 kB | 16/78 kB | 16/95 kB | 7.1 kBProgress (4): 21/135 kB | 16/78 kB | 16/95 kB | 7.1 kBProgress (4): 22/135 kB | 16/78 kB | 16/95 kB | 7.1 kB                                                      Downloaded[90m from [0mcentral[90m: https://repo.maven.apache.org/maven2/[0morg/opentest4j/opentest4j/1.1.1/opentest4j-1.1.1.jar[90m (7.1 kB at 77 kB/s)[0m
Progress (3): 23/135 kB | 16/78 kB | 16/95 kBProgress (3): 25/135 kB | 16/78 kB | 16/95 kBProgress (3): 26/135 kB | 16/78 kB | 16/95 kBProgress (3): 28/135 kB | 16/78 kB | 16/95 kBProgress (3): 29/135 kB | 16/78 kB | 16/95 kBProgress (3): 30/135 kB | 16/78 kB | 16/95 kBProgress (3): 30/135 kB | 16/78 kB | 33/95 kBProgress (3): 32/135 kB | 16/78 kB | 33/95 kBProgress (3): 33/135 kB | 16/78 kB | 33/95 kBProgress (3): 34/135 kB | 16/78 kB | 33/95 kBProgress (3): 36/135 kB | 16/78 kB | 33/95 kBProgress (3): 37/135 kB | 16/78 kB | 33/95 kBProgress (3): 39/135 kB | 16/78 kB | 33/95 kBProgress (3): 40/135 kB | 16/78 kB | 33/95 kBProgress (3): 40/135 kB | 33/78 kB | 33/95 kBProgress (3): 41/135 kB | 33/78 kB | 33/95 kBProgress (3): 43/135 kB | 33/78 kB | 33/95 kBProgress (3): 44/135 kB | 33/78 kB | 33/95 kBProgress (3): 46/135 kB | 33/78 kB | 33/95 kBProgress (3): 47/135 kB | 33/78 kB | 33/95 kBProgress (3): 48/135 kB | 33/78 kB | 33/95 kBProgress (3): 50/135 kB | 33/78 kB | 33/95 kBProgress (3): 50/135 kB | 49/78 kB | 33/95 kBProgress (3): 50/135 kB | 49/78 kB | 49/95 kBProgress (3): 51/135 kB | 49/78 kB | 49/95 kBProgress (3): 52/135 kB | 49/78 kB | 49/95 kBProgress (3): 54/135 kB | 49/78 kB | 49/95 kBProgress (3): 55/135 kB | 49/78 kB | 49/95 kBProgress (3): 57/135 kB | 49/78 kB | 49/95 kBProgress (3): 58/135 kB | 49/78 kB | 49/95 kBProgress (3): 59/135 kB | 49/78 kB | 49/95 kBProgress (3): 61/135 kB | 49/78 kB | 49/95 kBProgress (3): 61/135 kB | 66/78 kB | 49/95 kBProgress (3): 62/135 kB | 66/78 kB | 49/95 kBProgress (3): 63/135 kB | 66/78 kB | 49/95 kBProgress (3): 63/135 kB | 66/78 kB | 66/95 kBProgress (3): 63/135 kB | 78 kB | 66/95 kB                                             Downloaded[90m from [0mcentral[90m: https://repo.maven.apache.org/maven2/[0morg/junit/platform/junit-platform-commons/1.3.1/junit-platform-commons-1.3.1.jar[90m (78 kB at 205 kB/s)[0m
Progress (2): 79/135 kB | 66/95 kBProgress (2): 79/135 kB | 82/95 kBProgress (2): 95/135 kB | 82/95 kBProgress (2): 95/135 kB | 95 kB                                  Downloaded[90m from [0mcentral[90m: https://repo.maven.apache.org/maven2/[0morg/junit/platform/junit-platform-launcher/1.3.1/junit-platform-launcher-1.3.1.jar[90m (95 kB at 241 kB/s)[0m
Progress (1): 112/135 kBProgress (1): 128/135 kBProgress (1): 135 kB                        Downloaded[90m from [0mcentral[90m: https://repo.maven.apache.org/maven2/[0morg/junit/platform/junit-platform-engine/1.3.1/junit-platform-engine-1.3.1.jar[90m (135 kB at 304 kB/s)[0m
[[1;34mINFO[m] 
[[1;34mINFO[m] -------------------------------------------------------
[[1;34mINFO[m]  T E S T S
[[1;34mINFO[m] -------------------------------------------------------
[[1;34mINFO[m] 
[[1;34mINFO[m] Results:
[[1;34mINFO[m] 
[[1;34mINFO[m] Tests run: 0, Failures: 0, Errors: 0, Skipped: 0
[[1;34mINFO[m] 
[[1;34mINFO[m] [1m------------------------------------------------------------------------[m
[[1;34mINFO[m] [1;32mBUILD SUCCESS[m
[[1;34mINFO[m] [1m------------------------------------------------------------------------[m
[[1;34mINFO[m] Total time:  3.320 s
[[1;34mINFO[m] Finished at: 2025-01-08T21:20:26Z
[[1;34mINFO[m] [1m------------------------------------------------------------------------[m
[0m[0m[[1;34mINFO[m] Scanning for projects...
[[1;34mINFO[m] 
[[1;34mINFO[m] [1m-------------< [0;36morg.example:Grocery-Karate-API-Automation[0;1m >--------------[m
[[1;34mINFO[m] [1mBuilding Grocery-Karate-API-Automation 1.0-SNAPSHOT[m
[[1;34mINFO[m]   from pom.xml
[[1;34mINFO[m] [1m--------------------------------[ jar ]---------------------------------[m
[[1;34mINFO[m] 
[[1;34mINFO[m] [1m--- [0;32mresources:3.0.2:resources[m [1m(default-resources)[m @ [36mGrocery-Karate-API-Automation[0;1m ---[m
[[1;34mINFO[m] Using 'UTF-8' encoding to copy filtered resources.
[[1;34mINFO[m] skip non existing resourceDirectory /workspace/karate-demo/src/main/resources
[[1;34mINFO[m] 
[[1;34mINFO[m] [1m--- [0;32mcompiler:3.8.1:compile[m [1m(default-compile)[m @ [36mGrocery-Karate-API-Automation[0;1m ---[m
[[1;34mINFO[m] No sources to compile
[[1;34mINFO[m] 
[[1;34mINFO[m] [1m--- [0;32mresources:3.0.2:testResources[m [1m(default-testResources)[m @ [36mGrocery-Karate-API-Automation[0;1m ---[m
[[1;34mINFO[m] Using 'UTF-8' encoding to copy filtered resources.
[[1;34mINFO[m] Copying 3 resources
[[1;34mINFO[m] 
[[1;34mINFO[m] [1m--- [0;32mcompiler:3.8.1:testCompile[m [1m(default-testCompile)[m @ [36mGrocery-Karate-API-Automation[0;1m ---[m
[[1;34mINFO[m] Nothing to compile - all classes are up to date
[[1;34mINFO[m] 
[[1;34mINFO[m] [1m--- [0;32msurefire:2.22.2:test[m [1m(default-test)[m @ [36mGrocery-Karate-API-Automation[0;1m ---[m
[[1;34mINFO[m] 
[[1;34mINFO[m] -------------------------------------------------------
[[1;34mINFO[m]  T E S T S
[[1;34mINFO[m] -------------------------------------------------------
[[1;34mINFO[m] 
[[1;34mINFO[m] Results:
[[1;34mINFO[m] 
[[1;34mINFO[m] Tests run: 0, Failures: 0, Errors: 0, Skipped: 0
[[1;34mINFO[m] 
[[1;34mINFO[m] [1m------------------------------------------------------------------------[m
[[1;34mINFO[m] [1;32mBUILD SUCCESS[m
[[1;34mINFO[m] [1m------------------------------------------------------------------------[m
[[1;34mINFO[m] Total time:  1.232 s
[[1;34mINFO[m] Finished at: 2025-01-08T21:26:32Z
[[1;34mINFO[m] [1m------------------------------------------------------------------------[m
[0m[0m